Checking active projects...
Active projects: 13
Checking prospective projects...
Prospective projects: 1
Checking finance...
Finance calculated. Budget: 25266000 Cost: 25136000
Checking utilization...
Over-allocated history count: 0
Current month avg utilization: 50.80808080808081
SUCCESS!
